return-path: <packages@autobuilder.yoctoproject.org>
received: from autobuilder.yoctoproject.org (ab-master.i.yoctoproject.org [10.0.10.111]) by yocto-www.yoctoproject.org (Postfix) with ESMTP id 15240E00B0A for <yocto@yoctoproject.org>; Sat, 13 Apr 2013 17:20:20 -0700 (PDT)
received: by autobuilder.yoctoproject.org (Postfix, from userid 802) id 08BBC41A01; Sun, 14 Apr 2013 00:20:20 +0000 (UTC)
date: Sun, 14 Apr 2013 00:20:19 +0000
to: yocto@yoctoproject.org
message-id: <20130414002019.GA29256@ab01.i.yoctoproject.org>
mime-version: 1.0
user-agent: Mutt/1.5.20 (2009-12-10)
subject: [Package Report System]Upgrade recipes name list
x-beenthere: yocto@yoctoproject.org
x-mailman-version: 2.1.13
precedence: list
list-id: Discussion of all things Yocto Project <yocto.yoctoproject.org>
list-unsubscribe: <https://lists.yoctoproject.org/options/yocto>, <mailto:yocto-request@yoctoproject.org?subject=unsubscribe>
list-archive: <http://lists.yoctoproject.org/pipermail/yocto>
list-post: <mailto:yocto@yoctoproject.org>
list-help: <mailto:yocto-request@yoctoproject.org?subject=help>
list-subscribe: <https://lists.yoctoproject.org/listinfo/yocto>, <mailto:yocto-request@yoctoproject.org?subject=subscribe>
x-list-received-date: Sun, 14 Apr 2013 00:20:20 -0000
x-groupsio-msgnum: 13143
content-type: multipart/mixed; boundary="x+6KMIRAuhnl3hBn"
content-disposition: inline
content-transfer-encoding: 8bit
xref: nntp.lore.kernel.org org.yoctoproject.lists.yocto:13143
newsgroups: org.yoctoproject.lists.yocto
path: nntp.lore.kernel.org!not-for-mail
from: Yocto Project Package Report System <package-reporting@yoctoproject.org>
